[catalyx.org/index.html]
[backblue.gif]
[fade.gif]
[index.html]
[catalyx.org/wp-content/uploads/2023/05/Catalyx-no-text-logo.png]
[catalyx.org/wp-includes/css/dist/block-library/style.minb6a4.css]
[catalyx.org/wp-content/plugins/woocommerce/packages/woocommerce-blocks/build/wc-blocks-vendors-styleb23e.css]
[catalyx.org/wp-content/plugins/woocommerce/packages/woocommerce-blocks/build/wc-blocks-styleb23e.css]
[catalyx.org/wp-content/plugins/contact-form-7/includes/css/stylesf2b4.css]
[catalyx.org/wp-content/plugins/woocommerce/assets/css/woocommerce-layout6f89.css]
[catalyx.org/wp-content/plugins/woocommerce/assets/css/woocommerce-smallscreen6f89.css]
[catalyx.org/comments/feed/index.html]
[catalyx.org/feed/index.html]
[catalyx.org/wp-content/plugins/woocommerce/assets/css/woocommerce6f89.css]
[catalyx.org/wp-content/themes/conbix/assets/css/bootstrap.min20b9.css]
[catalyx.org/wp-content/themes/conbix/assets/css/all20b9.css]
[catalyx.org/wp-content/themes/conbix/assets/css/meanmenu.min20b9.css]
[catalyx.org/wp-content/themes/conbix/assets/css/animate20b9.css]
[catalyx.org/wp-content/themes/conbix/assets/css/swiper-bundle.min20b9.css]
[catalyx.org/wp-content/themes/conbix/assets/css/magnific-popup20b9.css]
[catalyx.org/wp-content/themes/conbix/assets/sass/style20b9.css]
[catalyx.org/wp-content/themes/conbix/style20b9.css]
[catalyx.org/wp-content/plugins/elementor/assets/lib/eicons/css/elementor-icons.min192d.css]
[catalyx.org/wp-content/plugins/elementor/assets/css/frontend-lite.minafc7.css]
[catalyx.org/wp-content/plugins/elementor/assets/lib/swiper/v8/css/swiper.min94a4.css]
[catalyx.org/wp-content/uploads/elementor/css/post-743ee.css]
[catalyx.org/wp-content/plugins/elementor-pro/assets/css/frontend-lite.min6b60.css]
[catalyx.org/wp-content/plugins/elementor-extras/assets/lib/nicons/css/nicons7152.css]
[catalyx.org/wp-content/plugins/elementor-extras/assets/css/frontend.min7152.css]
[catalyx.org/wp-content/uploads/elementor/css/post-193064a6.css]
[catalyx.org/wp-content/uploads/elementor/css/post-48408a64.css]
[catalyx.org/wp-content/uploads/elementor/css/post-49500bc3.css]
[catalyx.org/wp-content/plugins/conbix-toolkit/inc/assets/css/elementsb6a4.css]
[catalyx.org/wp-content/plugins/essential-addons-for-elementor-lite/assets/front-end/css/view/general.min3e35.css]
[catalyx.org/wp-content/plugins/elementor/assets/lib/font-awesome/css/fontawesome.min52d5.css]
[catalyx.org/wp-content/plugins/elementor/assets/lib/font-awesome/css/solid.min52d5.css]
[catalyx.org/wp-content/plugins/elementor/assets/lib/font-awesome/css/regular.min52d5.css]
[catalyx.org/wp-includes/js/jquery/jquery.minf43b.js]
[catalyx.org/wp-includes/js/jquery/jquery-migrate.min5589.js]
[catalyx.org/wp-json/index.html]
[catalyx.org/wp-json/wp/v2/pages/1930.json]
[catalyx.org/xmlrpc0db0.php]
[catalyx.org/wp-json/oembed/1.0/embedc040.json]
[catalyx.org/wp-json/oembed/1.0/embedf4a8]
[catalyx.org/wp-content/uploads/2023/05/cropped-Catalyx-no-text-logo-32x32.png]
[catalyx.org/wp-content/uploads/2023/05/cropped-Catalyx-no-text-logo-192x192.png]
[catalyx.org/wp-content/uploads/2023/05/cropped-Catalyx-no-text-logo-180x180.png]
[catalyx.org/wp-content/plugins/elementor-pro/assets/css/widget-nav-menu.min.css]
[catalyx.org/wp-content/uploads/2023/06/christina-wocintechchat-com-RMweULmCYxM-unsplash-scaled.jpg]
[catalyx.org/wp-content/uploads/2023/06/christina-wocintechchat-com-RMweULmCYxM-unsplash-768x513.jpg]
[catalyx.org/about-us/index.html]
[catalyx.org/services/index.html]
[catalyx.org/team/index.html]
[catalyx.org/wp-content/uploads/2023/06/linkedin-sales-solutions-EI50ZDA-l8Y-unsplash-scaled.jpg]
[catalyx.org/wp-content/uploads/2023/06/linkedin-sales-solutions-EI50ZDA-l8Y-unsplash-768x1152.jpg]
[catalyx.org/wp-content/uploads/2023/06/Joe-White-Director-1-e1686643672701.jpg]
[catalyx.org/wp-content/plugins/elementor/assets/css/widget-icon-list.min.css]
[catalyx.org/wp-content/uploads/2023/02/accounting.png]
[catalyx.org/wp-content/uploads/2023/02/Icon1.png]
[catalyx.org/projects/index.html]
[catalyx.org/wp-content/uploads/2023/02/Icon2.png]
[catalyx.org/wp-content/uploads/2023/02/consultant-services-1-12.png]
[catalyx.org/wp-content/uploads/2023/06/george-prentzas-SRFG7iwktDk-unsplash-300x300.jpg]
[catalyx.org/contact-us/index.html]
[catalyx.org/wp-content/uploads/2023/06/mindgame-escape.jpg]
[catalyx.org/wp-content/uploads/2023/06/312133191_501807168630523_8214855350802955632_n-253x300.jpg]
[catalyx.org/wp-content/uploads/2023/06/cytonn-photography-n95VMLxqM2I-unsplash-scaled.jpg]
[catalyx.org/wp-content/uploads/2023/06/cytonn-photography-n95VMLxqM2I-unsplash-768x513.jpg]
[catalyx.org/wp-content/uploads/2023/06/Catalyx-White.png]
[catalyx.org/wp-content/plugins/elementor/assets/lib/animations/animations.minafc7.css]
[catalyx.org/wp-content/plugins/contact-form-7/includes/swv/js/indexf2b4.js]
[catalyx.org/wp-content/plugins/contact-form-7/includes/js/indexf2b4.js]
[catalyx.org/wp-content/plugins/woocommerce/assets/js/jquery-blockui/jquery.blockUI.min1307.js]
[catalyx.org/wp-content/plugins/woocommerce/assets/js/frontend/add-to-cart.min6f89.js]
[catalyx.org/wp-content/plugins/woocommerce/assets/js/js-cookie/js.cookie.mincfa4.js]
[catalyx.org/wp-content/plugins/woocommerce/assets/js/frontend/woocommerce.min6f89.js]
[catalyx.org/wp-content/themes/conbix/assets/js/bootstrap.min20b9.js]
[catalyx.org/wp-content/themes/conbix/assets/js/popper.min20b9.js]
[catalyx.org/wp-content/themes/conbix/assets/js/jquery.meanmenu.min20b9.js]
[catalyx.org/service/bbbee-services/index.html]
[catalyx.org/wp-content/themes/conbix/assets/js/swiper-bundle.min20b9.js]
[catalyx.org/wp-content/plugins/elementor-extras/assets/lib/magnific-popup/js/magnific-popup.minf488.js]
[catalyx.org/wp-content/themes/conbix/assets/js/progressbar.min20b9.js]
[catalyx.org/wp-content/plugins/elementor-extras/assets/lib/isotope/isotope.pkgd.min459e.js]
[catalyx.org/wp-content/themes/conbix/assets/js/jquery.counterup.min20b9.js]
[catalyx.org/wp-content/themes/conbix/assets/js/jquery.waypoints.min20b9.js]
[catalyx.org/wp-content/themes/conbix/assets/js/custom20b9.js]
[catalyx.org/wp-content/plugins/conbix-toolkit/inc/assets/js/elements8a54.js]
[catalyx.org/wp-content/plugins/essential-addons-for-elementor-lite/assets/front-end/js/view/general.min3e35.js]
[catalyx.org/wp-content/plugins/elementor-pro/assets/lib/smartmenus/jquery.smartmenus.minf269.js]
[catalyx.org/wp-includes/js/imagesloaded.minbb93.js]
[catalyx.org/wp-content/plugins/elementor/assets/lib/jquery-numerator/jquery-numerator.min3958.js]
[catalyx.org/wp-content/plugins/elementor-pro/assets/js/webpack-pro.runtime.min6b60.js]
[catalyx.org/wp-content/plugins/elementor/assets/js/webpack.runtime.minafc7.js]
[catalyx.org/wp-content/plugins/elementor/assets/js/frontend-modules.minafc7.js]
[catalyx.org/wp-includes/js/dist/hooks.min2757.js]
[catalyx.org/wp-includes/js/dist/i18n.minc33c.js]
[catalyx.org/wp-content/plugins/elementor-pro/assets/js/frontend.min6b60.js]
[catalyx.org/wp-content/plugins/elementor/assets/lib/waypoints/waypoints.min05da.js]
[catalyx.org/wp-includes/js/jquery/ui/core.minb37e.js]
[catalyx.org/wp-content/plugins/elementor/assets/js/frontend.minafc7.js]
[catalyx.org/wp-content/plugins/elementor-pro/assets/js/elements-handlers.min6b60.js]
[catalyx.org/wp-content/plugins/elementor-pro/assets/lib/sticky/jquery.sticky.min6b60.js]
[catalyx.org/wp-includes/js/underscore.mind584.js]
[catalyx.org/wp-includes/js/wp-util.minb6a4.js]
[catalyx.org/wp-content/plugins/wpforms-lite/assets/js/integrations/elementor/frontend.min3660.js]
[cdnjs.cloudflare.com/ajax/libs/gsap/2.1.3/TweenMax.min.js]
[catalyx.org/wp-content/plugins/elementor-extras/assets/js/frontend.min7152.js]
[catalyx.org/wp-content/plugins/elementor-extras/assets/lib/parallax-gallery/parallax-gallery.min8a54.js]
[catalyx.org/wp-content/plugins/elementor-extras/assets/lib/hotips/hotips.minf488.js]
[catalyx.org/index.html]
[catalyx.org/wp-includes/css/dist/block-library/style.minb6a4.css]
[catalyx.org/wp-content/plugins/woocommerce/packages/woocommerce-blocks/build/wc-blocks-vendors-styleb23e.css]
[catalyx.org/wp-content/plugins/woocommerce/packages/woocommerce-blocks/build/wc-blocks-styleb23e.css]
[catalyx.org/wp-content/plugins/contact-form-7/includes/css/stylesf2b4.css]
[catalyx.org/wp-content/plugins/woocommerce/assets/css/woocommerce-layout6f89.css]
[catalyx.org/wp-content/plugins/woocommerce/assets/css/woocommerce-smallscreen6f89.css]
[catalyx.org/wp-content/plugins/woocommerce/assets/fonts/star.eot]
[catalyx.org/wp-content/plugins/woocommerce/assets/fonts/stard41d.eot]
[catalyx.org/wp-content/plugins/woocommerce/assets/fonts/star.woff]
[catalyx.org/wp-content/plugins/woocommerce/assets/fonts/star.ttf]
[catalyx.org/wp-content/plugins/woocommerce/assets/fonts/star.svg]
[catalyx.org/wp-content/plugins/woocommerce/assets/fonts/WooCommerce.eot]
[catalyx.org/wp-content/plugins/woocommerce/assets/fonts/WooCommerced41d.eot]
[catalyx.org/wp-content/plugins/woocommerce/assets/fonts/WooCommerce.woff]
[catalyx.org/wp-content/plugins/woocommerce/assets/fonts/WooCommerce.ttf]
[catalyx.org/wp-content/plugins/woocommerce/assets/fonts/WooCommerce.svg]
[catalyx.org/wp-content/plugins/woocommerce/assets/images/icons/loader.svg]
[catalyx.org/wp-content/plugins/woocommerce/assets/images/icons/credit-cards/visa.svg]
[catalyx.org/wp-content/plugins/woocommerce/assets/images/icons/credit-cards/mastercard.svg]
[catalyx.org/wp-content/plugins/woocommerce/assets/images/icons/credit-cards/laser.svg]
[catalyx.org/wp-content/plugins/woocommerce/assets/images/icons/credit-cards/diners.svg]
[catalyx.org/wp-content/plugins/woocommerce/assets/images/icons/credit-cards/maestro.svg]
[catalyx.org/wp-content/plugins/woocommerce/assets/images/icons/credit-cards/jcb.svg]
[catalyx.org/wp-content/plugins/woocommerce/assets/images/icons/credit-cards/amex.svg]
[catalyx.org/wp-content/plugins/woocommerce/assets/css/woocommerce6f89.css]
[catalyx.org/wp-content/themes/conbix/assets/css/bootstrap.min20b9.css]
[catalyx.org/wp-content/plugins/woocommerce/assets/images/icons/credit-cards/discover.svg]
[catalyx.org/wp-content/themes/conbix/assets/webfonts/fa-brands-400.eot]
[catalyx.org/wp-content/themes/conbix/assets/webfonts/fa-brands-400d41d.eot]
[catalyx.org/wp-content/themes/conbix/assets/webfonts/fa-brands-400.woff2]
[catalyx.org/wp-content/themes/conbix/assets/webfonts/fa-brands-400.woff]
[catalyx.org/wp-content/themes/conbix/assets/webfonts/fa-brands-400.ttf]
[catalyx.org/wp-content/themes/conbix/assets/webfonts/fa-brands-400.svg]
[catalyx.org/wp-content/themes/conbix/assets/webfonts/fa-duotone-900.eot]
[catalyx.org/wp-content/themes/conbix/assets/webfonts/fa-duotone-900d41d.eot]
[catalyx.org/wp-content/themes/conbix/assets/webfonts/fa-duotone-900.woff2]
[catalyx.org/wp-content/themes/conbix/assets/webfonts/fa-duotone-900.woff]
[catalyx.org/wp-content/themes/conbix/assets/webfonts/fa-duotone-900.ttf]
[catalyx.org/wp-content/themes/conbix/assets/webfonts/fa-duotone-900.svg]
[catalyx.org/wp-content/themes/conbix/assets/webfonts/fa-light-300.eot]
[catalyx.org/wp-content/themes/conbix/assets/webfonts/fa-light-300d41d.eot]
[catalyx.org/wp-content/themes/conbix/assets/webfonts/fa-light-300.woff2]
[catalyx.org/wp-content/themes/conbix/assets/webfonts/fa-light-300.woff]
[catalyx.org/wp-content/themes/conbix/assets/webfonts/fa-light-300.ttf]
[catalyx.org/wp-content/themes/conbix/assets/webfonts/fa-light-300.svg]
[catalyx.org/wp-content/themes/conbix/assets/webfonts/fa-regular-400.eot]
[catalyx.org/wp-content/themes/conbix/assets/webfonts/fa-regular-400d41d.eot]
[catalyx.org/wp-content/themes/conbix/assets/webfonts/fa-regular-400.woff2]
[catalyx.org/wp-content/themes/conbix/assets/webfonts/fa-regular-400.woff]
[catalyx.org/wp-content/themes/conbix/assets/webfonts/fa-regular-400.ttf]
[catalyx.org/wp-content/themes/conbix/assets/webfonts/fa-regular-400.svg]
[catalyx.org/wp-content/themes/conbix/assets/webfonts/fa-solid-900.eot]
[catalyx.org/wp-content/themes/conbix/assets/webfonts/fa-solid-900d41d.eot]
[catalyx.org/wp-content/themes/conbix/assets/webfonts/fa-solid-900.woff2]
[catalyx.org/wp-content/themes/conbix/assets/webfonts/fa-solid-900.woff]
[catalyx.org/wp-content/themes/conbix/assets/webfonts/fa-solid-900.ttf]
[catalyx.org/wp-content/themes/conbix/assets/webfonts/fa-solid-900.svg]
[catalyx.org/wp-content/themes/conbix/assets/css/all20b9.css]
[catalyx.org/wp-content/themes/conbix/assets/css/meanmenu.min20b9.css]
[catalyx.org/wp-content/themes/conbix/assets/css/animate20b9.css]
[catalyx.org/wp-content/themes/conbix/assets/css/swiper-bundle.min20b9.css]
[catalyx.org/wp-content/themes/conbix/assets/css/magnific-popup20b9.css]
[catalyx.org/wp-content/themes/conbix/assets/img/shape/before.png]
[catalyx.org/wp-content/themes/conbix/assets/img/shape/after.png]
[catalyx.org/wp-content/themes/conbix/assets/img/shape/banner-bg.png]
[catalyx.org/wp-content/themes/conbix/assets/img/shape/border.png]
[catalyx.org/wp-content/themes/conbix/assets/img/banner/banner-bg.png]
[catalyx.org/wp-content/themes/conbix/assets/img/shape/cta.png]
[catalyx.org/wp-content/themes/conbix/assets/img/shape/price.png]
[catalyx.org/wp-content/themes/conbix/assets/img/icon/union.png]
[catalyx.org/wp-content/themes/conbix/assets/img/shape/Image.png]
[catalyx.org/wp-content/themes/conbix/assets/img/icon/envelop.png]
[catalyx.org/wp-content/themes/conbix/assets/img/shape/footer.png]
[catalyx.org/wp-content/themes/conbix/assets/img/shape/page-banner-bg.png]
[catalyx.org/wp-content/themes/conbix/assets/img/shape/before-dark.png]
[catalyx.org/wp-content/themes/conbix/assets/img/shape/after-dark.png]
[catalyx.org/wp-content/themes/conbix/assets/img/icon/union-dark.png]
[catalyx.org/wp-content/themes/conbix/assets/sass/style20b9.css]
[catalyx.org/wp-content/themes/conbix/style20b9.css]
[catalyx.org/wp-content/plugins/elementor/assets/lib/eicons/fonts/eicons9506.eot]
[catalyx.org/wp-content/plugins/elementor/assets/lib/eicons/fonts/eicons9506.woff2]
[catalyx.org/wp-content/plugins/elementor/assets/lib/eicons/fonts/eicons9506.woff]
[catalyx.org/wp-content/plugins/elementor/assets/lib/eicons/fonts/eicons9506.ttf]
[catalyx.org/wp-content/plugins/elementor/assets/lib/eicons/css/elementor-icons.min192d.css]
[catalyx.org/wp-content/plugins/elementor/assets/css/frontend-lite.minafc7.css]
[catalyx.org/wp-content/plugins/elementor/assets/lib/swiper/v8/css/swiper.min94a4.css]
[catalyx.org/wp-content/uploads/elementor/css/post-743ee.css]
[catalyx.org/wp-content/plugins/elementor-pro/assets/css/frontend-lite.min6b60.css]
[catalyx.org/wp-content/plugins/elementor/assets/lib/eicons/fonts/eicons9506.svg]
[catalyx.org/wp-content/plugins/elementor-extras/assets/lib/nicons/fonts/nicons.eot]
[catalyx.org/wp-content/plugins/elementor-extras/assets/lib/nicons/fonts/niconsd41d.eot]
[catalyx.org/wp-content/plugins/elementor-extras/assets/lib/nicons/fonts/nicons.woff2]
[catalyx.org/wp-content/plugins/elementor-extras/assets/lib/nicons/fonts/nicons.woff]
[catalyx.org/wp-content/plugins/elementor-extras/assets/lib/nicons/fonts/nicons.ttf]
[catalyx.org/wp-content/plugins/elementor-extras/assets/lib/nicons/css/nicons7152.css]
[catalyx.org/wp-content/plugins/elementor-extras/assets/css/frontend.min7152.css]
[catalyx.org/wp-content/plugins/elementor-extras/assets/lib/nicons/fonts/nicons.svg]
[catalyx.org/wp-content/uploads/2023/06/durban-4374447_1280-e1690970768105.jpg]
[catalyx.org/wp-content/uploads/elementor/css/post-193064a6.css]
[catalyx.org/wp-content/uploads/elementor/css/post-48408a64.css]
[catalyx.org/wp-content/uploads/elementor/css/post-49500bc3.css]
[catalyx.org/wp-content/plugins/conbix-toolkit/inc/assets/css/elementsb6a4.css]
[catalyx.org/wp-content/plugins/essential-addons-for-elementor-lite/assets/front-end/css/view/general.min3e35.css]
[catalyx.org/wp-content/plugins/elementor/assets/lib/font-awesome/css/fontawesome.min52d5.css]
[catalyx.org/wp-content/plugins/elementor/assets/lib/font-awesome/webfonts/fa-solid-900.eot]
[catalyx.org/wp-content/plugins/elementor/assets/lib/font-awesome/webfonts/fa-solid-900d41d.eot]
[catalyx.org/wp-content/plugins/elementor/assets/lib/font-awesome/webfonts/fa-solid-900.woff2]
[catalyx.org/wp-content/plugins/elementor/assets/lib/font-awesome/webfonts/fa-solid-900.woff]
[catalyx.org/wp-content/plugins/elementor/assets/lib/font-awesome/webfonts/fa-solid-900.ttf]
[catalyx.org/wp-content/plugins/elementor/assets/lib/font-awesome/css/solid.min52d5.css]
[catalyx.org/wp-content/plugins/elementor/assets/lib/font-awesome/webfonts/fa-solid-900.svg]
[catalyx.org/wp-content/plugins/elementor/assets/lib/font-awesome/webfonts/fa-regular-400.eot]
[catalyx.org/wp-content/plugins/elementor/assets/lib/font-awesome/webfonts/fa-regular-400d41d.eot]
[catalyx.org/wp-content/plugins/elementor/assets/lib/font-awesome/webfonts/fa-regular-400.woff2]
[catalyx.org/wp-content/plugins/elementor/assets/lib/font-awesome/webfonts/fa-regular-400.woff]
[catalyx.org/wp-content/plugins/elementor/assets/lib/font-awesome/webfonts/fa-regular-400.ttf]
[catalyx.org/wp-content/plugins/elementor/assets/lib/font-awesome/css/regular.min52d5.css]
[catalyx.org/wp-content/plugins/elementor-pro/assets/css/widget-nav-menu.min.css]
[catalyx.org/wp-content/plugins/elementor/assets/lib/font-awesome/webfonts/fa-regular-400.svg]
[catalyx.org/wp-content/uploads/elementor/css/post-1941d791.css]
[catalyx.org/wp-json/wp/v2/pages/1941.json]
[catalyx.org/wp-json/oembed/1.0/embedb7b7.json]
[catalyx.org/wp-json/oembed/1.0/embedaa68]
[catalyx.org/wp-content/uploads/2023/06/Joe-White-Director-1-e1686643672701-232x300.jpg]
[catalyx.org/wp-content/uploads/2023/06/WCA-Logo-300x175.png]
[catalyx.org/wp-content/uploads/2023/05/Catalyx-no-text-logo-300x234.png]
[catalyx.org/wp-content/uploads/2023/06/Bluff-Personnel-Catalyx-e1687295731461-300x233.png]
[catalyx.org/wp-content/uploads/2023/06/afros-logo-round-yellow-bg-300x300.png]
[catalyx.org/wp-content/uploads/2023/06/krakenimages-376KN_ISplE-unsplash-1024x683.jpg]
[catalyx.org/wp-content/uploads/2023/06/christina-wocintechchat-com-jzonFmreWok-unsplash-1024x683.jpg]
[catalyx.org/wp-content/uploads/2023/06/headway-5QgIuuBxKwM-unsplash-1-1024x683.jpg]
[catalyx.org/wp-content/plugins/timeline-widget-addon-for-elementor/assets/css/twae-vertical-timeline.min370e.css]
[catalyx.org/wp-content/plugins/timeline-widget-addon-for-elementor/assets/css/twae-common-styles.min370e.css]
[catalyx.org/wp-content/plugins/timeline-widget-addon-for-elementor/assets/css/twae-horizontal-timeline.min370e.css]
[catalyx.org/about-us/index.html]
[catalyx.org/wp-content/plugins/elementor/assets/lib/font-awesome/css/all.min370e.css]
[catalyx.org/wp-content/uploads/elementor/css/post-1983cdce.css]
[catalyx.org/wp-json/wp/v2/pages/1983.json]
[catalyx.org/wp-json/oembed/1.0/embed8bda.json]
[catalyx.org/wp-json/oembed/1.0/embed32ef]
[catalyx.org/wp-content/uploads/2023/06/Joe-White-New.jpg]
[catalyx.org/wp-content/uploads/2023/06/Sandile-Mkhwanazi-New.jpg]
[catalyx.org/wp-content/uploads/2023/06/Shavera-Sayed-New.jpg]
[catalyx.org/wp-content/uploads/2023/06/Calvin-Gideon-New.jpg]
[catalyx.org/wp-content/uploads/2023/06/Thobeka-Vilakazi-New.jpg]
[catalyx.org/wp-content/uploads/2023/06/Langa-Mkhwanazi-New.jpg]
[catalyx.org/wp-content/uploads/2023/06/Amy-Maxwell-New.jpg]
[catalyx.org/wp-content/uploads/2023/06/Nontobeko-Nzama-new-1.jpg]
[catalyx.org/wp-content/uploads/2023/06/Thulani-Mdletshi-New.jpg]
[catalyx.org/wp-content/uploads/2023/06/Ntombi-Mbaleki-New.jpg]
[catalyx.org/wp-content/uploads/2023/06/Pranesh-Nukanna-New.jpg]
[catalyx.org/wp-content/uploads/2023/06/Abigail-Nzama-New.jpg]
[catalyx.org/wp-content/uploads/2023/06/Vuyani-New.jpg]
[catalyx.org/wp-content/uploads/2023/06/Darryll-Karolus-New.jpg]
[catalyx.org/wp-content/uploads/2023/06/Mpho-Mokwana-New.jpg]
[catalyx.org/wp-content/uploads/2023/06/Gabi-Ngubeni-New.jpg]
[catalyx.org/wp-content/uploads/2023/06/Luvokazi-Sibidli-New.jpg]
[catalyx.org/wp-content/uploads/2023/06/Cindy-Mbalo-New.jpg]
[catalyx.org/wp-content/uploads/2023/06/Thembelihle-Khowa-New-copy.jpg]
[catalyx.org/wp-content/uploads/2023/06/Ruth-Sidlayi-New.jpg]
[catalyx.org/wp-content/uploads/2023/06/Anthea-Mesias-New.jpg]
[catalyx.org/wp-content/uploads/2023/06/Elsabe-Titus-New.jpg]
[catalyx.org/wp-content/uploads/elementor/css/post-4979cdce.css]
[catalyx.org/wp-content/uploads/elementor/css/post-4982c0a5.css]
[catalyx.org/wp-content/uploads/elementor/css/post-4986c0a5.css]
[catalyx.org/wp-content/uploads/elementor/css/post-4989c0a5.css]
[catalyx.org/wp-content/uploads/elementor/css/post-4993c0a5.css]
[catalyx.org/wp-content/uploads/elementor/css/post-4996c0a5.css]
[catalyx.org/wp-content/uploads/elementor/css/post-4999c0a5.css]
[catalyx.org/wp-content/uploads/elementor/css/post-5430c0a5.css]
[catalyx.org/wp-content/uploads/elementor/css/post-5058c0a5.css]
[catalyx.org/wp-content/uploads/elementor/css/post-5061c0a5.css]
[catalyx.org/wp-content/uploads/elementor/css/post-5064c0a5.css]
[catalyx.org/wp-content/uploads/elementor/css/post-5067c0a5.css]
[catalyx.org/wp-content/uploads/elementor/css/post-5047c0a5.css]
[catalyx.org/wp-content/uploads/elementor/css/post-5070c0a5.css]
[catalyx.org/wp-content/uploads/elementor/css/post-5073c0a5.css]
[catalyx.org/wp-content/uploads/elementor/css/post-5076c0a5.css]
[catalyx.org/wp-content/uploads/elementor/css/post-5079c0a5.css]
[catalyx.org/wp-content/uploads/elementor/css/post-5082c0a5.css]
[catalyx.org/wp-content/uploads/elementor/css/post-5088c0a5.css]
[catalyx.org/wp-content/uploads/elementor/css/post-5091c0a5.css]
[catalyx.org/wp-content/uploads/elementor/css/post-5094c0a5.css]
[catalyx.org/wp-content/uploads/elementor/css/post-5097c0a5.css]
[catalyx.org/team/index.html]
[catalyx.org/wp-content/uploads/elementor/css/post-194284c3.css]
[catalyx.org/wp-json/wp/v2/pages/1942.json]
[catalyx.org/wp-json/oembed/1.0/embedcb47.json]
[catalyx.org/wp-json/oembed/1.0/embeda8e2]
[catalyx.org/wp-content/plugins/elementor-pro/assets/css/widget-flip-box.min.css]
[catalyx.org/wp-content/uploads/2023/06/UPWARD-MOBILITY-PROGRAMME.jpg]
[catalyx.org/wp-content/uploads/2023/06/teamwork-3213924_1280.jpg]
[catalyx.org/wp-content/uploads/2023/06/cytonn-photography-n95VMLxqM2I-unsplash-2048x1367.jpg]
[catalyx.org/wp-content/uploads/2023/05/Catalyx-White.png]
[catalyx.org/wp-content/uploads/2023/06/afros-logo-round-yellow-bg.png]
[catalyx.org/wp-content/uploads/2023/06/Bluff-Personnel-Catalyx-e1687295731461.png]
[catalyx.org/wp-content/uploads/2023/06/george-prentzas-SRFG7iwktDk-unsplash-2048x1366.jpg]
[catalyx.org/services/index.html]
[catalyx.org/service/upward-mobility-programme/index.html]
[catalyx.org/service/community-social-facilitation/index.html]
[catalyx.org/service/catalyx-training/index.html]
[catalyx.org/wp-content/uploads/elementor/css/post-1967c3e0.css]
[catalyx.org/portfolio/afros-chicken-shop-pavilion/index.html]
[catalyx.org/portfolio/bluff-personnel/index.html]
[catalyx.org/service/biometric-fingerprint-services/index.html]
[catalyx.org/portfolio/mindgame-escape/index.html]
[catalyx.org/wp-json/wp/v2/pages/1967.json]
[catalyx.org/wp-json/oembed/1.0/embedfd8d.json]
[catalyx.org/wp-json/oembed/1.0/embed3141]
[catalyx.org/wp-content/plugins/elementor-pro/assets/css/widget-call-to-action.min.css]
[catalyx.org/wp-content/uploads/2023/06/JumpStart-vertical-logo_ORANGE-background-01-1-scaled.jpg]
[catalyx.org/wp-content/uploads/2023/06/Catalyx-Projects-NPC.jpg]
[catalyx.org/wp-content/uploads/2023/06/Catalyx-Projects-ITHUBA.jpg]
[catalyx.org/wp-content/uploads/2023/08/youth-programmes.jpg]
[catalyx.org/projects/index.html]
[catalyx.org/wp-content/uploads/elementor/css/post-1948cead.css]
[catalyx.org/portfolio/jumpstart/index.html]
[catalyx.org/portfolio/intercement-sa-npc/index.html]
[catalyx.org/portfolio/tongaat-hulett/index.html]
[catalyx.org/wp-json/wp/v2/pages/1948.json]
[catalyx.org/wp-json/oembed/1.0/embed034e.json]
[catalyx.org/wp-json/oembed/1.0/embed8098]
[catalyx.org/contact-us/index.html]
[catalyx.org/wp-content/plugins/elementor/assets/css/widget-icon-list.min.css]
[catalyx.org/cdn-cgi/scripts/5c5dd728/cloudflare-static/email-decode.min.js]
[catalyx.org/wp-content/uploads/elementor/css/post-38171e49.css]
[catalyx.org/wp-json/wp/v2/service/3817.json]
[catalyx.org/wp-json/oembed/1.0/embedd839.json]
[catalyx.org/wp-json/oembed/1.0/embed4734]
[catalyx.org/service/bbbee-services/index.html]
[catalyx.org/wp-content/plugins/elementor/assets/lib/animations/animations.minafc7.css]
[catalyx.org/wp-content/plugins/woocommerce/assets/fonts/star.svg]
[catalyx.org/wp-content/plugins/woocommerce/assets/fonts/WooCommerce.svg]
[catalyx.org/wp-content/plugins/woocommerce/assets/images/icons/loader.svg]
[catalyx.org/wp-content/plugins/woocommerce/assets/images/icons/credit-cards/visa.svg]
[catalyx.org/wp-content/plugins/woocommerce/assets/images/icons/credit-cards/mastercard.svg]
[catalyx.org/wp-content/plugins/woocommerce/assets/images/icons/credit-cards/laser.svg]
[catalyx.org/wp-content/plugins/woocommerce/assets/images/icons/credit-cards/diners.svg]
[catalyx.org/wp-content/plugins/woocommerce/assets/images/icons/credit-cards/maestro.svg]
[catalyx.org/wp-content/plugins/woocommerce/assets/images/icons/credit-cards/jcb.svg]
[catalyx.org/wp-content/plugins/woocommerce/assets/images/icons/credit-cards/amex.svg]
[catalyx.org/wp-content/plugins/woocommerce/assets/images/icons/credit-cards/discover.svg]
[catalyx.org/wp-content/themes/conbix/assets/webfonts/fa-brands-400.html]
[catalyx.org/wp-content/themes/conbix/assets/webfonts/fa-duotone-900.html]
[catalyx.org/wp-content/themes/conbix/assets/webfonts/fa-light-300.html]
[catalyx.org/wp-content/themes/conbix/assets/webfonts/fa-regular-400.html]
[catalyx.org/wp-content/themes/conbix/assets/webfonts/fa-solid-900.html]
[catalyx.org/wp-content/plugins/elementor/assets/lib/eicons/fonts/eicons9506.svg]
[catalyx.org/wp-content/plugins/elementor-extras/assets/lib/nicons/fonts/nicons.svg]
[catalyx.org/wp-content/plugins/elementor/assets/lib/font-awesome/webfonts/fa-solid-900.svg]
[catalyx.org/wp-content/plugins/elementor/assets/lib/font-awesome/webfonts/fa-regular-400.svg]
[catalyx.org/wp-content/uploads/2023/09/istockphoto-1369760838-1024x1024-transformed.jpg]
[catalyx.org/wp-content/uploads/2023/06/jacek-dylag-PMxT0XtQ-A-unsplash-scaled.jpg]
[catalyx.org/wp-content/uploads/elementor/css/post-1941d791.css]
[catalyx.org/index3249.html]
[catalyx.org/wp-content/plugins/timeline-widget-addon-for-elementor/assets/css/twae-vertical-timeline.min370e.css]
[catalyx.org/wp-content/plugins/timeline-widget-addon-for-elementor/assets/css/twae-common-styles.min370e.css]
[catalyx.org/wp-content/plugins/timeline-widget-addon-for-elementor/assets/css/twae-horizontal-timeline.min370e.css]
[catalyx.org/wp-content/plugins/elementor/assets/lib/font-awesome/webfonts/fa-brands-400.eot]
[catalyx.org/wp-content/plugins/elementor/assets/lib/font-awesome/webfonts/fa-brands-400d41d.eot]
[catalyx.org/wp-content/plugins/elementor/assets/lib/font-awesome/webfonts/fa-brands-400.woff2]
[catalyx.org/wp-content/plugins/elementor/assets/lib/font-awesome/webfonts/fa-brands-400.woff]
[catalyx.org/wp-content/plugins/elementor/assets/lib/font-awesome/webfonts/fa-brands-400.ttf]
[catalyx.org/wp-content/plugins/elementor/assets/lib/font-awesome/css/all.min370e.css]
[catalyx.org/wp-content/plugins/elementor/assets/lib/font-awesome/webfonts/fa-brands-400.svg]
[catalyx.org/wp-content/uploads/2023/08/WCA-Facebook-cover-photo-copy.jpg]
[catalyx.org/wp-content/uploads/elementor/css/post-1983cdce.css]
[catalyx.org/index7c5e.html]
[catalyx.org/wp-content/uploads/elementor/css/post-4979cdce.css]
[catalyx.org/wp-content/uploads/elementor/css/post-4982c0a5.css]
[catalyx.org/wp-content/uploads/elementor/css/post-4986c0a5.css]
[catalyx.org/wp-content/uploads/elementor/css/post-4989c0a5.css]
[catalyx.org/wp-content/uploads/elementor/css/post-4993c0a5.css]
[catalyx.org/wp-content/uploads/elementor/css/post-4996c0a5.css]
[catalyx.org/wp-content/uploads/elementor/css/post-4999c0a5.css]
[catalyx.org/wp-content/uploads/elementor/css/post-5430c0a5.css]
[catalyx.org/wp-content/uploads/elementor/css/post-5058c0a5.css]
[catalyx.org/wp-content/uploads/elementor/css/post-5061c0a5.css]
[catalyx.org/wp-content/uploads/elementor/css/post-5064c0a5.css]
[catalyx.org/wp-content/uploads/elementor/css/post-5067c0a5.css]
[catalyx.org/wp-content/uploads/elementor/css/post-5047c0a5.css]
[catalyx.org/wp-content/uploads/elementor/css/post-5070c0a5.css]
[catalyx.org/wp-content/uploads/elementor/css/post-5073c0a5.css]
[catalyx.org/wp-content/uploads/elementor/css/post-5076c0a5.css]
[catalyx.org/wp-content/uploads/elementor/css/post-5079c0a5.css]
[catalyx.org/wp-content/uploads/elementor/css/post-5082c0a5.css]
[catalyx.org/wp-content/uploads/elementor/css/post-5088c0a5.css]
[catalyx.org/wp-content/uploads/elementor/css/post-5091c0a5.css]
[catalyx.org/wp-content/uploads/elementor/css/post-5094c0a5.css]
[catalyx.org/wp-content/uploads/elementor/css/post-5097c0a5.css]
[catalyx.org/wp-content/uploads/2023/09/istockphoto-1383890727-1024x1024-transformed.jpg]
[catalyx.org/wp-content/uploads/elementor/css/post-194284c3.css]
[catalyx.org/index4136.html]
[catalyx.org/wp-content/plugins/elementor-pro/assets/css/widget-flip-box.min.css]
[catalyx.org/wp-content/uploads/elementor/css/post-5195438a.css]
[catalyx.org/wp-json/wp/v2/service/5195.json]
[catalyx.org/wp-json/oembed/1.0/embed6d9d.json]
[catalyx.org/wp-json/oembed/1.0/embeded38]
[catalyx.org/wp-content/plugins/elementor-pro/assets/css/widget-carousel.min.css]
[catalyx.org/service/upward-mobility-programme/index.html]
[catalyx.org/wp-content/uploads/elementor/css/post-5186af50.css]
[catalyx.org/wp-json/wp/v2/service/5186.json]
[catalyx.org/wp-json/oembed/1.0/embed2c27.json]
[catalyx.org/wp-json/oembed/1.0/embed4831]
[catalyx.org/service/community-social-facilitation/index.html]
[catalyx.org/wp-content/uploads/elementor/css/post-51759c3b.css]
[catalyx.org/wp-json/wp/v2/service/5175.json]
[catalyx.org/wp-json/oembed/1.0/embed1272.json]
[catalyx.org/wp-json/oembed/1.0/embed7e17]
[catalyx.org/service/catalyx-training/index.html]
[catalyx.org/wp-content/uploads/elementor/css/post-53356e13.css]
[catalyx.org/wp-json/wp/v2/portfolio/5335.json]
[catalyx.org/wp-json/oembed/1.0/embed0bce.json]
[catalyx.org/wp-json/oembed/1.0/embedfad7]
[catalyx.org/wp-content/uploads/2023/06/347281452_638310521678499_6836115028307731066_n-1024x538.jpg]
[catalyx.org/portfolio/afros-chicken-shop-pavilion/index.html]
[catalyx.org/wp-content/uploads/elementor/css/post-539235dd.css]
[catalyx.org/wp-json/wp/v2/portfolio/5392.json]
[catalyx.org/wp-json/oembed/1.0/embed5476.json]
[catalyx.org/wp-json/oembed/1.0/embedc52f]
[catalyx.org/portfolio/bluff-personnel/index.html]
[catalyx.org/wp-content/uploads/elementor/css/post-5413add9.css]
[catalyx.org/wp-json/wp/v2/service/5413.json]
[catalyx.org/wp-json/oembed/1.0/embedf85d.json]
[catalyx.org/wp-json/oembed/1.0/embed1ea3]
[catalyx.org/service/biometric-fingerprint-services/index.html]
[catalyx.org/wp-content/uploads/elementor/css/post-538511bc.css]
[catalyx.org/wp-json/wp/v2/portfolio/5385.json]
[catalyx.org/wp-json/oembed/1.0/embed0c8e.json]
[catalyx.org/wp-json/oembed/1.0/embedb8d6]
[catalyx.org/portfolio/mindgame-escape/index.html]
[catalyx.org/wp-content/uploads/2023/09/20221115_130357-scaled.jpg]
[catalyx.org/wp-content/uploads/elementor/css/post-1967c3e0.css]
[catalyx.org/index2020.html]
[catalyx.org/wp-content/plugins/elementor-pro/assets/css/widget-call-to-action.min.css]
[catalyx.org/wp-content/uploads/elementor/css/post-53567546.css]
[catalyx.org/wp-json/wp/v2/portfolio/5356.json]
[catalyx.org/wp-json/oembed/1.0/embed02b5.json]
[catalyx.org/wp-json/oembed/1.0/embed5216]
[catalyx.org/wp-content/uploads/2023/06/JumpStart-circle-logo_WHITE-background-01-300x300.jpg]
[catalyx.org/portfolio/jumpstart/index.html]
[catalyx.org/wp-content/uploads/elementor/css/post-37554edb.css]
[catalyx.org/wp-json/wp/v2/portfolio/3755.json]
[catalyx.org/wp-json/oembed/1.0/embedba72.json]
[catalyx.org/wp-json/oembed/1.0/embeda02c]
[catalyx.org/wp-content/uploads/2023/06/NPC-team-1024x683.jpg]
[catalyx.org/portfolio/intercement-sa-npc/index.html]
[catalyx.org/wp-content/uploads/elementor/css/post-5227e943.css]
[catalyx.org/wp-json/wp/v2/portfolio/5227.json]
[catalyx.org/wp-json/oembed/1.0/embed3cc5.json]
[catalyx.org/wp-json/oembed/1.0/embeddc8f]
[catalyx.org/wp-content/uploads/2023/06/ITHUBA-COMMUNITY-CENTRES.png]
[catalyx.org/portfolio/tongaat-hulett/index.html]
[catalyx.org/portfolio/yes-for-youth-programme/index.html]
[catalyx.org/wp-content/uploads/2023/06/desola-lanre-ologun-IgUR1iX0mqM-unsplash-scaled.jpg]
[catalyx.org/wp-content/uploads/elementor/css/post-1948cead.css]
[catalyx.org/index0c06.html]
[catalyx.org/cdn-cgi/l/email-protection.html]
[catalyx.org/wp-content/uploads/elementor/css/post-38171e49.css]
[catalyx.org/index3c98.html]
[wpuidemos.com/wp-content/uploads/2023/02/Image1.png]
[catalyx.org/wp-content/plugins/elementor/assets/lib/font-awesome/webfonts/fa-brands-400.svg]
[catalyx.org/wp-content/uploads/elementor/css/post-5195438a.css]
[catalyx.org/indexc4a5.html]
[catalyx.org/wp-content/plugins/elementor-pro/assets/css/widget-carousel.min.css]
[catalyx.org/wp-content/uploads/2023/06/benjamin-child-GWe0dlVD9e0-unsplash-scaled.jpg]
[catalyx.org/wp-content/uploads/elementor/css/post-5186af50.css]
[catalyx.org/indexc6bf.html]
[catalyx.org/wp-content/uploads/2023/06/headway-5QgIuuBxKwM-unsplash-1-scaled.jpg]
[catalyx.org/wp-content/uploads/elementor/css/post-51759c3b.css]
[catalyx.org/index8995.html]
[catalyx.org/wp-content/uploads/2023/06/290206128_5316707298419129_7856254400743857693_n.jpg]
[catalyx.org/wp-content/uploads/elementor/css/post-53356e13.css]
[catalyx.org/index1355.html]
[catalyx.org/wp-content/uploads/2023/06/christina-wocintechchat-com-4PU-OC8sW98-unsplash-scaled.jpg]
[catalyx.org/wp-content/uploads/elementor/css/post-539235dd.css]
[catalyx.org/index034d.html]
[catalyx.org/portfolio/youth-programmes/index.html]
[catalyx.org/wp-content/uploads/2023/06/george-prentzas-SRFG7iwktDk-unsplash-scaled.jpg]
[catalyx.org/wp-content/uploads/elementor/css/post-5413add9.css]
[catalyx.org/indexfbe3.html]
[catalyx.org/wp-content/uploads/2023/06/zachary-keimig-OmaFZNYOy6E-unsplash-scaled.jpg]
[catalyx.org/wp-content/uploads/elementor/css/post-538511bc.css]
[catalyx.org/index91ea.html]
[catalyx.org/wp-content/uploads/2023/06/PRP-Grad-2022-certificates_-long-crop-1024x492-1.jpg]
[catalyx.org/wp-content/uploads/elementor/css/post-53567546.css]
[catalyx.org/indexea66.html]
[catalyx.org/wp-content/uploads/2023/02/seminar-594125_1280.jpg]
[catalyx.org/wp-content/uploads/elementor/css/post-37554edb.css]
[catalyx.org/index8ba5.html]
[catalyx.org/wp-content/uploads/elementor/css/post-5227e943.css]
[catalyx.org/index31b7.html]
[catalyx.org/wp-content/uploads/elementor/css/post-52382926.css]
[catalyx.org/wp-json/wp/v2/portfolio/5238.json]
[catalyx.org/wp-json/oembed/1.0/embed6ea3.json]
[catalyx.org/wp-json/oembed/1.0/embed743d]
[catalyx.org/wp-content/uploads/2023/06/YES-LOGO-300x165.png]
[catalyx.org/wp-content/uploads/2023/06/ABSA_Group_Limited_Logo-300x300.png]
[catalyx.org/wp-content/uploads/2023/06/SPAR-Logo-RGB-1024x179.png]
[catalyx.org/wp-content/uploads/2023/06/BuildIt-logo2-1024x282.png]
[catalyx.org/wp-content/uploads/2023/06/NYDA-Logo-300x190.jpg]
[catalyx.org/portfolio/youth-programmes/index.html]
[catalyx.org/wp-content/uploads/2023/06/dr-josiah-sarpong-aWZmwUjrjPs-unsplash-copy-scaled.jpg]
[catalyx.org/wp-content/uploads/elementor/css/post-52382926.css]
[catalyx.org/indexcec4.html]
